2026-02-24 03:22:09,547 DEBUG Entrando em _build_right
2026-02-24 03:22:09,550 DEBUG Entrando em _bind_keys
2026-02-24 03:22:09,550 DEBUG Entrando em populate_clients
2026-02-24 03:22:09,551 DEBUG Entrando em _populate_worker
2026-02-24 03:22:09,551 DEBUG Entrando em schedule_refresh
2026-02-24 03:22:10,207 ERROR populate_worker error: 404 Client Error: Not Found for url: https://dc68-18-216-254-194.ngrok-free.app/clients/with-last-ts
Traceback (most recent call last):
  File "c:\Users\peusu\Desktop\Programming\chatbot\chatWithPostgrees\dashboard.py", line 1071, in _populate_worker
    rows = get_all_clients_http()
  File "c:\Users\peusu\Desktop\Programming\chatbot\chatWithPostgrees\dashboard.py", line 70, in get_all_clients_http
    r.raise_for_status()
  File "C:\Users\peusu\AppData\Local\Programs\Python\Python310\lib\site-packages\requests\models.py", line 1026, in raise_for_status
    raise HTTPError(http_error_msg, response=self)
requests.exceptions.HTTPError: 404 Client Error: Not Found for url: https://dc68-18-216-254-194.ngrok-free.app/clients/with-last-ts
2026-02-24 03:22:10,209 DEBUG Entrando em _on_populate_done
2026-02-24 03:22:10,209 DEBUG Entrando em _apply_clients
2026-02-24 03:22:11,561 DEBUG Entrando em _do_refresh
2026-02-24 03:22:11,561 DEBUG Entrando em refresh_messages
2026-02-24 03:22:11,561 DEBUG Entrando em populate_clients
2026-02-24 03:22:11,561 DEBUG Entrando em _populate_worker
2026-02-24 03:22:11,920 ERROR populate_worker error: 404 Client Error: Not Found for url: https://dc68-18-216-254-194.ngrok-free.app/clients/with-last-ts
Traceback (most recent call last):
  File "c:\Users\peusu\Desktop\Programming\chatbot\chatWithPostgrees\dashboard.py", line 1071, in _populate_worker
    rows = get_all_clients_http()
  File "c:\Users\peusu\Desktop\Programming\chatbot\chatWithPostgrees\dashboard.py", line 70, in get_all_clients_http
    r.raise_for_status()
  File "C:\Users\peusu\AppData\Local\Programs\Python\Python310\lib\site-packages\requests\models.py", line 1026, in raise_for_status
    raise HTTPError(http_error_msg, response=self)
requests.exceptions.HTTPError: 404 Client Error: Not Found for url: https://dc68-18-216-254-194.ngrok-free.app/clients/with-last-ts
2026-02-24 03:22:11,921 DEBUG Entrando em _on_populate_done
2026-02-24 03:22:11,921 DEBUG Entrando em _apply_clients
2026-02-24 03:22:13,575 DEBUG Entrando em _do_refresh
2026-02-24 03:22:13,575 DEBUG Entrando em refresh_messages
2026-02-24 03:22:13,575 DEBUG Entrando em populate_clients
2026-02-24 03:22:13,575 DEBUG Entrando em _populate_worker
2026-02-24 03:22:13,931 ERROR populate_worker error: 404 Client Error: Not Found for url: https://dc68-18-216-254-194.ngrok-free.app/clients/with-last-ts
Traceback (most recent call last):
  File "c:\Users\peusu\Desktop\Programming\chatbot\chatWithPostgrees\dashboard.py", line 1071, in _populate_worker
    rows = get_all_clients_http()
  File "c:\Users\peusu\Desktop\Programming\chatbot\chatWithPostgrees\dashboard.py", line 70, in get_all_clients_http
    r.raise_for_status()
  File "C:\Users\peusu\AppData\Local\Programs\Python\Python310\lib\site-packages\requests\models.py", line 1026, in raise_for_status
    raise HTTPError(http_error_msg, response=self)
requests.exceptions.HTTPError: 404 Client Error: Not Found for url: https://dc68-18-216-254-194.ngrok-free.app/clients/with-last-ts
2026-02-24 03:22:13,931 DEBUG Entrando em _on_populate_done
2026-02-24 03:22:13,931 DEBUG Entrando em _apply_clients
2026-02-24 03:22:15,588 DEBUG Entrando em _do_refresh
2026-02-24 03:22:15,588 DEBUG Entrando em refresh_messages
2026-02-24 03:22:15,588 DEBUG Entrando em populate_clients
2026-02-24 03:22:15,588 DEBUG Entrando em _populate_worker
2026-02-24 03:22:15,935 ERROR populate_worker error: 404 Client Error: Not Found for url: https://dc68-18-216-254-194.ngrok-free.app/clients/with-last-ts
Traceback (most recent call last):
  File "c:\Users\peusu\Desktop\Programming\chatbot\chatWithPostgrees\dashboard.py", line 1071, in _populate_worker
    rows = get_all_clients_http()
  File "c:\Users\peusu\Desktop\Programming\chatbot\chatWithPostgrees\dashboard.py", line 70, in get_all_clients_http
    r.raise_for_status()
  File "C:\Users\peusu\AppData\Local\Programs\Python\Python310\lib\site-packages\requests\models.py", line 1026, in raise_for_status
    raise HTTPError(http_error_msg, response=self)
requests.exceptions.HTTPError: 404 Client Error: Not Found for url: https://dc68-18-216-254-194.ngrok-free.app/clients/with-last-ts
2026-02-24 03:22:15,936 DEBUG Entrando em _on_populate_done
2026-02-24 03:22:15,936 DEBUG Entrando em _apply_clients
2026-02-24 03:22:17,599 DEBUG Entrando em _do_refresh
2026-02-24 03:22:17,599 DEBUG Entrando em refresh_messages
2026-02-24 03:22:17,599 DEBUG Entrando em populate_clients
2026-02-24 03:22:17,599 DEBUG Entrando em _populate_worker
2026-02-24 03:22:17,923 ERROR populate_worker error: 404 Client Error: Not Found for url: https://dc68-18-216-254-194.ngrok-free.app/clients/with-last-ts
Traceback (most recent call last):
  File "c:\Users\peusu\Desktop\Programming\chatbot\chatWithPostgrees\dashboard.py", line 1071, in _populate_worker
    rows = get_all_clients_http()
  File "c:\Users\peusu\Desktop\Programming\chatbot\chatWithPostgrees\dashboard.py", line 70, in get_all_clients_http
    r.raise_for_status()
  File "C:\Users\peusu\AppData\Local\Programs\Python\Python310\lib\site-packages\requests\models.py", line 1026, in raise_for_status
    raise HTTPError(http_error_msg, response=self)
requests.exceptions.HTTPError: 404 Client Error: Not Found for url: https://dc68-18-216-254-194.ngrok-free.app/clients/with-last-ts
2026-02-24 03:22:17,923 DEBUG Entrando em _on_populate_done
2026-02-24 03:22:17,923 DEBUG Entrando em _apply_clients
2026-02-24 03:22:19,611 DEBUG Entrando em _do_refresh
2026-02-24 03:22:19,611 DEBUG Entrando em refresh_messages
2026-02-24 03:22:19,611 DEBUG Entrando em populate_clients
2026-02-24 03:22:19,611 DEBUG Entrando em _populate_worker
2026-02-24 03:22:19,956 ERROR populate_worker error: 404 Client Error: Not Found for url: https://dc68-18-216-254-194.ngrok-free.app/clients/with-last-ts
Traceback (most recent call last):
  File "c:\Users\peusu\Desktop\Programming\chatbot\chatWithPostgrees\dashboard.py", line 1071, in _populate_worker
    rows = get_all_clients_http()
  File "c:\Users\peusu\Desktop\Programming\chatbot\chatWithPostgrees\dashboard.py", line 70, in get_all_clients_http
    r.raise_for_status()
  File "C:\Users\peusu\AppData\Local\Programs\Python\Python310\lib\site-packages\requests\models.py", line 1026, in raise_for_status
    raise HTTPError(http_error_msg, response=self)
requests.exceptions.HTTPError: 404 Client Error: Not Found for url: https://dc68-18-216-254-194.ngrok-free.app/clients/with-last-ts
2026-02-24 03:22:19,957 DEBUG Entrando em _on_populate_done
2026-02-24 03:22:19,957 DEBUG Entrando em _apply_clients
2026-02-24 03:22:21,612 DEBUG Entrando em _do_refresh
2026-02-24 03:22:21,612 DEBUG Entrando em refresh_messages
2026-02-24 03:22:21,612 DEBUG Entrando em populate_clients
2026-02-24 03:22:21,612 DEBUG Entrando em _populate_worker
2026-02-24 03:22:21,958 ERROR populate_worker error: 404 Client Error: Not Found for url: https://dc68-18-216-254-194.ngrok-free.app/clients/with-last-ts
Traceback (most recent call last):
  File "c:\Users\peusu\Desktop\Programming\chatbot\chatWithPostgrees\dashboard.py", line 1071, in _populate_worker
    rows = get_all_clients_http()
  File "c:\Users\peusu\Desktop\Programming\chatbot\chatWithPostgrees\dashboard.py", line 70, in get_all_clients_http
    r.raise_for_status()
  File "C:\Users\peusu\AppData\Local\Programs\Python\Python310\lib\site-packages\requests\models.py", line 1026, in raise_for_status
    raise HTTPError(http_error_msg, response=self)
requests.exceptions.HTTPError: 404 Client Error: Not Found for url: https://dc68-18-216-254-194.ngrok-free.app/clients/with-last-ts
2026-02-24 03:22:21,959 DEBUG Entrando em _on_populate_done
2026-02-24 03:22:21,959 DEBUG Entrando em _apply_clients
2026-02-24 03:22:22,198 DEBUG Entrando em on_close
